// Jest Snapshot v1, https://goo.gl/fbAQLP

exports[`EventLog.vue should emit the document metadata when the link is pressed 1`] = `
Object {
  "contentType": "application/json",
  "name": "Mocked Document Name",
  "timestamp": 1000,
}
`;

exports[`EventLog.vue snapshots should match when document is defined 1`] = `
<div class="v-card v-sheet theme--light">
  <div class="v-card__title">Event log</div>
  <div class="v-card__text">
    <div role="list" class="v-list v-sheet theme--light">
      <div tabindex="-1" role="listitem" class="v-list-item theme--light">
        <div class="v-list-item__content">
          <div class="v-list-item__title">Nombre</div>
          <div class="v-list-item__subtitle">Mocked Document Name</div>
        </div>
      </div>
      <div tabindex="-1" role="listitem" class="v-list-item theme--light">
        <div class="v-list-item__content">
          <div class="v-list-item__title">Archivo</div>
          <div class="v-list-item__subtitle">application/json</div>
        </div>
      </div>
      <div tabindex="-1" role="listitem" class="v-list-item theme--light">
        <div class="v-list-item__content">
          <div class="v-list-item__title">Timestamp</div>
          <div class="v-list-item__subtitle">Thu Jan 01 1970 00:16:40 GMT+0000</div>
        </div>
      </div>
    </div>
  </div>
  <div class="v-card__actions">
    <div class="spacer"></div> <button type="button" class="v-btn v-btn--text theme--light v-size--default" data-cy="share-button"><span class="v-btn__content"><i aria-hidden="true" class="v-icon notranslate mdi mdi-share theme--light"></i>
      Compartir
    </span></button> <button type="button" class="v-btn v-btn--text theme--light v-size--default" data-cy="download-button"><span class="v-btn__content"><i aria-hidden="true" class="v-icon notranslate mdi mdi-download theme--light"></i>
        Descargar Archivo
    </span></button>
  </div>
  <!---->
</div>
`;

exports[`EventLog.vue snapshots should match when document is null 1`] = `
<div class="v-card v-sheet theme--light">
  <div class="v-card__title">Event log</div>
  <div class="v-card__text">
    <div role="list" class="v-list v-sheet theme--light">
      <div tabindex="-1" role="listitem" class="v-list-item theme--light">
        <div class="v-list-item__content">
          <div class="v-list-item__title">Nombre</div>
          <div class="v-list-item__subtitle"></div>
        </div>
      </div>
      <div tabindex="-1" role="listitem" class="v-list-item theme--light">
        <div class="v-list-item__content">
          <div class="v-list-item__title">Archivo</div>
          <div class="v-list-item__subtitle"></div>
        </div>
      </div>
      <div tabindex="-1" role="listitem" class="v-list-item theme--light">
        <div class="v-list-item__content">
          <div class="v-list-item__title">Timestamp</div>
          <div class="v-list-item__subtitle"></div>
        </div>
      </div>
    </div>
  </div>
  <div class="v-card__actions">
    <div class="spacer"></div>
    <!---->
    <!---->
  </div>
  <!---->
</div>
`;
